SQL> select * from Ex21 cross join Ex20;

       NUM JOB                                 SABUN                            
---------- ------------------------------ ----------                            
NAME                                  NUM                                       
------------------------------ ----------                                       
         1 영업                                 1111                            
user1                                   1                                       
                                                                                
         2 회계                                 1111                            
user1                                   1                                       
                                                                                
         3 생산                                 1111                            
user1                                   1                                       
                                                                                

       NUM JOB                                 SABUN                            
---------- ------------------------------ ----------                            
NAME                                  NUM                                       
------------------------------ ----------                                       
         4 관리                                 1111                            
user1                                   1                                       
                                                                                
         1 영업                                 2222                            
user2                                   2                                       
                                                                                
         2 회계                                 2222                            
user2                                   2                                       
                                                                                

       NUM JOB                                 SABUN                            
---------- ------------------------------ ----------                            
NAME                                  NUM                                       
------------------------------ ----------                                       
         3 생산                                 2222                            
user2                                   2                                       
                                                                                
         4 관리                                 2222                            
user2                                   2                                       
                                                                                
         1 영업                                 3333                            
user3                                   3                                       
                                                                                

       NUM JOB                                 SABUN                            
---------- ------------------------------ ----------                            
NAME                                  NUM                                       
------------------------------ ----------                                       
         2 회계                                 3333                            
user3                                   3                                       
                                                                                
         3 생산                                 3333                            
user3                                   3                                       
                                                                                
         4 관리                                 3333                            
user3                                   3                                       
                                                                                

       NUM JOB                                 SABUN                            
---------- ------------------------------ ----------                            
NAME                                  NUM                                       
------------------------------ ----------                                       
         1 영업                                 4444                            
user4                                   4                                       
                                                                                
         2 회계                                 4444                            
user4                                   4                                       
                                                                                
         3 생산                                 4444                            
user4                                   4                                       
                                                                                

       NUM JOB                                 SABUN                            
---------- ------------------------------ ----------                            
NAME                                  NUM                                       
------------------------------ ----------                                       
         4 관리                                 4444                            
user4                                   4                                       
                                                                                

16 개의 행이 선택되었습니다.

SQL> select * from Ex21 inner join Ex20;
select * from Ex21 inner join Ex20
                                 *
1행에 오류:
ORA-00905: 누락된 키워드 


SQL> select Ex21.job, Ex20.name, Ex21.num, Ex20.num from Ex21 inner join Ex20 on Ex21.num=Ex20.num;

JOB                            NAME                                  NUM        
------------------------------ ------------------------------ ----------        
       NUM                                                                      
----------                                                                      
영업                           user1                                   1        
         1                                                                      
                                                                                
회계                           user2                                   2        
         2                                                                      
                                                                                
생산                           user3                                   3        
         3                                                                      
                                                                                

JOB                            NAME                                  NUM        
------------------------------ ------------------------------ ----------        
       NUM                                                                      
----------                                                                      
관리                           user4                                   4        
         4                                                                      
                                                                                

SQL> select Ex21.job, Ex20.name, Ex21.num from Ex21 inner join Ex20 on Ex21.num=Ex20.num;

JOB                            NAME                                  NUM        
------------------------------ ------------------------------ ----------        
영업                           user1                                   1        
회계                           user2                                   2        
생산                           user3                                   3        
관리                           user4                                   4        

SQL> select A.job, B.name0.name, Ex21.num from Ex21 A inner join Ex20 B on A.num = B.num;
select A.job, B.name0.name, Ex21.num from Ex21 A inner join Ex20 B on A.num = B.num
                            *
1행에 오류:
ORA-00904: "EX21"."NUM": 부적합한 식별자 


SQL> select A.job, B.name, Ex21.num from Ex21 A inner join Ex20 B on A.num = B.num;
select A.job, B.name, Ex21.num from Ex21 A inner join Ex20 B on A.num = B.num
                      *
1행에 오류:
ORA-00904: "EX21"."NUM": 부적합한 식별자 


SQL> select A.job, B.name from Ex21.num from Ex21 A inner join Ex20 B on A.num = B.num;
select A.job, B.name from Ex21.num from Ex21 A inner join Ex20 B on A.num = B.num
                                   *
1행에 오류:
ORA-00933: SQL 명령어가 올바르게 종료되지 않았습니다 


SQL> select A.job, B.name from Ex21 A inner join Ex20 B on A.num = B.num;

JOB                            NAME                                             
------------------------------ ------------------------------                   
영업                           user1                                            
회계                           user2                                            
생산                           user3                                            
관리                           user4                                            

SQL> select A.job, B.name from Ex21 A inner join Ex20 B using num;
select A.job, B.name from Ex21 A inner join Ex20 B using num
                                                         *
1행에 오류:
ORA-00906: 누락된 좌괄호 


SQL> select A.job, B.name from Ex21 A inner join Ex20 B using (num);

JOB                            NAME                                             
------------------------------ ------------------------------                   
영업                           user1                                            
회계                           user2                                            
생산                           user3                                            
관리                           user4                                            

SQL> select name.job from Ex21 natural  Ex20;
select name.job from Ex21 natural  Ex20
                                   *
1행에 오류:
ORA-00933: SQL 명령어가 올바르게 종료되지 않았습니다 


SQL> select name.job from Ex21 natural Ex20;
select name.job from Ex21 natural Ex20
                                  *
1행에 오류:
ORA-00933: SQL 명령어가 올바르게 종료되지 않았습니다 


SQL> select name.job from Ex21 natural join Ex20;
select name.job from Ex21 natural join Ex20
       *
1행에 오류:
ORA-00904: "NAME"."JOB": 부적합한 식별자 


SQL> select name, job from Ex21 natural join Ex20;

NAME                           JOB                                              
------------------------------ ------------------------------                   
user1                          영업                                             
user2                          회계                                             
user3                          생산                                             
user4                          관리                                             

SQL> insert into Ex20 values (5555, 'new1', 5);
insert into Ex20 values (5555, 'new1', 5)
*
1행에 오류:
ORA-02291: 무결성 제약조건(SCOTT.EX20_NUM_FK)이 위배되었습니다- 부모 키가
없습니다 


SQL> alter table Ex20 drop constraint SYS_C004030;
alter table Ex20 drop constraint SYS_C004030
                                 *
1행에 오류:
ORA-02443: 존재하지 않는 제약 - 삭제할 수 없습니다 


SQL> alter table Ex20 drop constraint SCOTT.EX20_NUM_FK;
alter table Ex20 drop constraint SCOTT.EX20_NUM_FK
                                      *
1행에 오류:
ORA-01735: 부적합한 ALTER TABLE 옵션입니다 


SQL> alter table Ex20 drop constraint EX20_NUM_FK;

테이블이 변경되었습니다.

SQL> insert into Ex20 values (5555, 'new1', 5);

1 개의 행이 만들어졌습니다.

SQL> select * from Ex20;

     SABUN NAME                                  NUM                            
---------- ------------------------------ ----------                            
      1111 user1                                   1                            
      2222 user2                                   2                            
      3333 user3                                   3                            
      4444 user4                                   4                            
      5555 new1                                    5                            

SQL> select * from Ex21 lest outter join Ex20;
select * from Ex21 lest outter join Ex20
                        *
1행에 오류:
ORA-00933: SQL 명령어가 올바르게 종료되지 않았습니다 


SQL> select * from Ex21 lest outter join Ex20 using (num);
select * from Ex21 lest outter join Ex20 using (num)
                        *
1행에 오류:
ORA-00933: SQL 명령어가 올바르게 종료되지 않았습니다 


SQL> select * from Ex21 lest outter join Ex20 using (num);
select * from Ex21 lest outter join Ex20 using (num)
                        *
1행에 오류:
ORA-00933: SQL 명령어가 올바르게 종료되지 않았습니다 


SQL> select * from Ex21 list outter join Ex20 using (num);
select * from Ex21 list outter join Ex20 using (num)
                        *
1행에 오류:
ORA-00933: SQL 명령어가 올바르게 종료되지 않았습니다 


SQL> select * from Ex21 list outer join Ex20 using (num);
select * from Ex21 list outer join Ex20 using (num)
                        *
1행에 오류:
ORA-00933: SQL 명령어가 올바르게 종료되지 않았습니다 


SQL> select * from Ex21 lest outer join Ex20 using (num);
select * from Ex21 lest outer join Ex20 using (num)
                        *
1행에 오류:
ORA-00933: SQL 명령어가 올바르게 종료되지 않았습니다 


SQL> select * from Ex21 left outer join Ex20 using (num);

       NUM JOB                                 SABUN                            
---------- ------------------------------ ----------                            
NAME                                                                            
------------------------------                                                  
         1 영업                                 1111                            
user1                                                                           
                                                                                
         2 회계                                 2222                            
user2                                                                           
                                                                                
         3 생산                                 3333                            
user3                                                                           
                                                                                

       NUM JOB                                 SABUN                            
---------- ------------------------------ ----------                            
NAME                                                                            
------------------------------                                                  
         4 관리                                 4444                            
user4                                                                           
                                                                                

SQL> select * from Ex21 left outer join Ex20 using (num);

       NUM JOB                                 SABUN                            
---------- ------------------------------ ----------                            
NAME                                                                            
------------------------------                                                  
         1 영업                                 1111                            
user1                                                                           
                                                                                
         2 회계                                 2222                            
user2                                                                           
                                                                                
         3 생산                                 3333                            
user3                                                                           
                                                                                

       NUM JOB                                 SABUN                            
---------- ------------------------------ ----------                            
NAME                                                                            
------------------------------                                                  
         4 관리                                 4444                            
user4                                                                           
                                                                                

SQL> select name,job from Ex21 left outer join Ex20 using (num);

NAME                           JOB                                              
------------------------------ ------------------------------                   
user1                          영업                                             
user2                          회계                                             
user3                          생산                                             
user4                          관리                                             

SQL> select name,job from Ex21 full outer join Ex20 using (num);

NAME                           JOB                                              
------------------------------ ------------------------------                   
user1                          영업                                             
user2                          회계                                             
user3                          생산                                             
user4                          관리                                             
new1                                                                            

SQL> select name,job from Ex21 right outer join Ex20 using (num);

NAME                           JOB                                              
------------------------------ ------------------------------                   
user1                          영업                                             
user2                          회계                                             
user3                          생산                                             
user4                          관리                                             
new1                                                                            

SQL> select name,job from Ex21 right outer join Ex20 using (num) where Ex20.num != Ex20.num;
select name,job from Ex21 right outer join Ex20 using (num) where Ex20.num != Ex20.num
                                                                              *
1행에 오류:
ORA-25154: USING 절의 열 부분은 식별자를 가질 수 없음 


SQL> 
SQL> 
SQL> select name,job from Ex21 right outer join Ex20 on where Ex20.num != Ex20.num;
select name,job from Ex21 right outer join Ex20 on where Ex20.num != Ex20.num
                                                   *
1행에 오류:
ORA-00936: 누락된 표현식 


SQL> select name,job from Ex21 right outer join Ex20 on where Ex21.num != Ex21.num;
select name,job from Ex21 right outer join Ex20 on where Ex21.num != Ex21.num
                                                   *
1행에 오류:
ORA-00936: 누락된 표현식 


SQL> select * from Ex21 lest outter join Ex20;
select * from Ex21 lest outter join Ex20
                        *
1행에 오류:
ORA-00933: SQL 명령어가 올바르게 종료되지 않았습니다 


SQL> spool Ex24
